
> nira-web@0.1.0 dev
> vite --port 3000


  [32m[1mVITE[22m v5.4.21[39m  [2mready in [0m[1m378[22m[2m[0m ms[22m

  [32m➜[39m  [1mLocal[22m:   [36mhttp://localhost:[1m3000[22m/[39m
[2m  [32m➜[39m  [1mNetwork[22m[2m: use [22m[1m--host[22m[2m to expose[22m

> nira-web@0.1.0 dev
> vite --port 3000


  [32m[1mVITE[22m v5.4.21[39m  [2mready in [0m[1m340[22m[2m[0m ms[22m

  [32m➜[39m  [1mLocal[22m:   [36mhttp://localhost:[1m3000[22m/[39m
[2m  [32m➜[39m  [1mNetwork[22m[2m: use [22m[1m--host[22m[2m to expose[22m

> nira-web@0.1.0 dev
> vite --port 3000


  [32m[1mVITE[22m v5.4.21[39m  [2mready in [0m[1m296[22m[2m[0m ms[22m

  [32m➜[39m  [1mLocal[22m:   [36mhttp://localhost:[1m3000[22m/[39m
[2m  [32m➜[39m  [1mNetwork[22m[2m: use [22m[1m--host[22m[2m to expose[22m

> nira-web@0.1.0 dev
> vite --port 3000


  [32m[1mVITE[22m v5.4.21[39m  [2mready in [0m[1m302[22m[2m[0m ms[22m

  [32m➜[39m  [1mLocal[22m:   [36mhttp://localhost:[1m3000[22m/[39m
[2m  [32m➜[39m  [1mNetwork[22m[2m: use [22m[1m--host[22m[2m to expose[22m

> nira-web@0.1.0 dev
> vite --port 3000


  [32m[1mVITE[22m v5.4.21[39m  [2mready in [0m[1m310[22m[2m[0m ms[22m

  [32m➜[39m  [1mLocal[22m:   [36mhttp://localhost:[1m3000[22m/[39m
[2m  [32m➜[39m  [1mNetwork[22m[2m: use [22m[1m--host[22m[2m to expose[22m

> nira-web@0.1.0 dev
> vite --port 3000


  [32m[1mVITE[22m v5.4.21[39m  [2mready in [0m[1m292[22m[2m[0m ms[22m

  [32m➜[39m  [1mLocal[22m:   [36mhttp://localhost:[1m3000[22m/[39m
[2m  [32m➜[39m  [1mNetwork[22m[2m: use [22m[1m--host[22m[2m to expose[22m

> nira-web@0.1.0 dev
> vite --port 3000


  [32m[1mVITE[22m v5.4.21[39m  [2mready in [0m[1m325[22m[2m[0m ms[22m

  [32m➜[39m  [1mLocal[22m:   [36mhttp://localhost:[1m3000[22m/[39m
[2m  [32m➜[39m  [1mNetwork[22m[2m: use [22m[1m--host[22m[2m to expose[22m

> nira-web@0.1.0 dev
> vite --port 3000


  [32m[1mVITE[22m v5.4.21[39m  [2mready in [0m[1m293[22m[2m[0m ms[22m

  [32m➜[39m  [1mLocal[22m:   [36mhttp://localhost:[1m3000[22m/[39m
[2m  [32m➜[39m  [1mNetwork[22m[2m: use [22m[1m--host[22m[2m to expose[22m

> nira-web@0.1.0 dev
> vite --port 3000


  [32m[1mVITE[22m v5.4.21[39m  [2mready in [0m[1m306[22m[2m[0m ms[22m

  [32m➜[39m  [1mLocal[22m:   [36mhttp://localhost:[1m3000[22m/[39m
[2m  [32m➜[39m  [1mNetwork[22m[2m: use [22m[1m--host[22m[2m to expose[22m
[2m02:51:27[22m [36m[1m[vite][22m[39m [32mhmr update [39m[2m/src/App.tsx[22m
[2m02:51:45[22m [36m[1m[vite][22m[39m [32mhmr update [39m[2m/src/App.tsx[22m
[2m02:51:51[22m [36m[1m[vite][22m[39m [32mhmr update [39m[2m/src/App.tsx[22m
[2m02:51:57[22m [36m[1m[vite][22m[39m [32mhmr update [39m[2m/src/App.tsx[22m

> nira-web@0.1.0 dev
> vite --port 3000


  [32m[1mVITE[22m v5.4.21[39m  [2mready in [0m[1m321[22m[2m[0m ms[22m

  [32m➜[39m  [1mLocal[22m:   [36mhttp://localhost:[1m3000[22m/[39m
[2m  [32m➜[39m  [1mNetwork[22m[2m: use [22m[1m--host[22m[2m to expose[22m
