
> nira-web@0.1.0 dev
> vite --port 3000


  [32m[1mVITE[22m v5.4.21[39m  [2mready in [0m[1m380[22m[2m[0m ms[22m

  [32m➜[39m  [1mLocal[22m:   [36mhttp://localhost:[1m3000[22m/[39m
[2m  [32m➜[39m  [1mNetwork[22m[2m: use [22m[1m--host[22m[2m to expose[22m

> nira-web@0.1.0 dev
> vite --port 3000


  [32m[1mVITE[22m v5.4.21[39m  [2mready in [0m[1m280[22m[2m[0m ms[22m

  [32m➜[39m  [1mLocal[22m:   [36mhttp://localhost:[1m3000[22m/[39m
[2m  [32m➜[39m  [1mNetwork[22m[2m: use [22m[1m--host[22m[2m to expose[22m
[2m16:51:03[22m [36m[1m[vite][22m[39m [32mhmr update [39m[2m/src/App.tsx[22m

> nira-web@0.1.0 dev
> vite --port 3000


  [32m[1mVITE[22m v5.4.21[39m  [2mready in [0m[1m291[22m[2m[0m ms[22m

  [32m➜[39m  [1mLocal[22m:   [36mhttp://localhost:[1m3000[22m/[39m
[2m  [32m➜[39m  [1mNetwork[22m[2m: use [22m[1m--host[22m[2m to expose[22m

> nira-web@0.1.0 dev
> vite --port 3000


  [32m[1mVITE[22m v5.4.21[39m  [2mready in [0m[1m291[22m[2m[0m ms[22m

  [32m➜[39m  [1mLocal[22m:   [36mhttp://localhost:[1m3000[22m/[39m
[2m  [32m➜[39m  [1mNetwork[22m[2m: use [22m[1m--host[22m[2m to expose[22m

> nira-web@0.1.0 dev
> vite --port 3000


  [32m[1mVITE[22m v5.4.21[39m  [2mready in [0m[1m283[22m[2m[0m ms[22m

  [32m➜[39m  [1mLocal[22m:   [36mhttp://localhost:[1m3000[22m/[39m
[2m  [32m➜[39m  [1mNetwork[22m[2m: use [22m[1m--host[22m[2m to expose[22m

> nira-web@0.1.0 dev
> vite --port 3000


  [32m[1mVITE[22m v5.4.21[39m  [2mready in [0m[1m293[22m[2m[0m ms[22m

  [32m➜[39m  [1mLocal[22m:   [36mhttp://localhost:[1m3000[22m/[39m
[2m  [32m➜[39m  [1mNetwork[22m[2m: use [22m[1m--host[22m[2m to expose[22m

> nira-web@0.1.0 dev
> vite --port 3000


  [32m[1mVITE[22m v5.4.21[39m  [2mready in [0m[1m282[22m[2m[0m ms[22m

  [32m➜[39m  [1mLocal[22m:   [36mhttp://localhost:[1m3000[22m/[39m
[2m  [32m➜[39m  [1mNetwork[22m[2m: use [22m[1m--host[22m[2m to expose[22m

> nira-web@0.1.0 dev
> vite --port 3000


  [32m[1mVITE[22m v5.4.21[39m  [2mready in [0m[1m292[22m[2m[0m ms[22m

  [32m➜[39m  [1mLocal[22m:   [36mhttp://localhost:[1m3000[22m/[39m
[2m  [32m➜[39m  [1mNetwork[22m[2m: use [22m[1m--host[22m[2m to expose[22m
[2m17:11:29[22m [36m[1m[vite][22m[39m [32mhmr update [39m[2m/src/App.tsx[22m
[2m17:11:37[22m [36m[1m[vite][22m[39m [32mhmr update [39m[2m/src/App.tsx[22m

> nira-web@0.1.0 dev
> vite --port 3000


  [32m[1mVITE[22m v5.4.21[39m  [2mready in [0m[1m284[22m[2m[0m ms[22m

  [32m➜[39m  [1mLocal[22m:   [36mhttp://localhost:[1m3000[22m/[39m
[2m  [32m➜[39m  [1mNetwork[22m[2m: use [22m[1m--host[22m[2m to expose[22m

> nira-web@0.1.0 dev
> vite --port 3000


  [32m[1mVITE[22m v5.4.21[39m  [2mready in [0m[1m286[22m[2m[0m ms[22m

  [32m➜[39m  [1mLocal[22m:   [36mhttp://localhost:[1m3000[22m/[39m
[2m  [32m➜[39m  [1mNetwork[22m[2m: use [22m[1m--host[22m[2m to expose[22m

> nira-web@0.1.0 dev
> vite --port 3000


  [32m[1mVITE[22m v5.4.21[39m  [2mready in [0m[1m306[22m[2m[0m ms[22m

  [32m➜[39m  [1mLocal[22m:   [36mhttp://localhost:[1m3000[22m/[39m
[2m  [32m➜[39m  [1mNetwork[22m[2m: use [22m[1m--host[22m[2m to expose[22m

> nira-web@0.1.0 dev
> vite --port 3000


  [32m[1mVITE[22m v5.4.21[39m  [2mready in [0m[1m311[22m[2m[0m ms[22m

  [32m➜[39m  [1mLocal[22m:   [36mhttp://localhost:[1m3000[22m/[39m
[2m  [32m➜[39m  [1mNetwork[22m[2m: use [22m[1m--host[22m[2m to expose[22m

> nira-web@0.1.0 dev
> vite --port 3000


  [32m[1mVITE[22m v5.4.21[39m  [2mready in [0m[1m286[22m[2m[0m ms[22m

  [32m➜[39m  [1mLocal[22m:   [36mhttp://localhost:[1m3000[22m/[39m
[2m  [32m➜[39m  [1mNetwork[22m[2m: use [22m[1m--host[22m[2m to expose[22m

> nira-web@0.1.0 dev
> vite --port 3000


  [32m[1mVITE[22m v5.4.21[39m  [2mready in [0m[1m296[22m[2m[0m ms[22m

  [32m➜[39m  [1mLocal[22m:   [36mhttp://localhost:[1m3000[22m/[39m
[2m  [32m➜[39m  [1mNetwork[22m[2m: use [22m[1m--host[22m[2m to expose[22m

> nira-web@0.1.0 dev
> vite --port 3000


  [32m[1mVITE[22m v5.4.21[39m  [2mready in [0m[1m312[22m[2m[0m ms[22m

  [32m➜[39m  [1mLocal[22m:   [36mhttp://localhost:[1m3000[22m/[39m
[2m  [32m➜[39m  [1mNetwork[22m[2m: use [22m[1m--host[22m[2m to expose[22m

> nira-web@0.1.0 dev
> vite --port 3000


  [32m[1mVITE[22m v5.4.21[39m  [2mready in [0m[1m284[22m[2m[0m ms[22m

  [32m➜[39m  [1mLocal[22m:   [36mhttp://localhost:[1m3000[22m/[39m
[2m  [32m➜[39m  [1mNetwork[22m[2m: use [22m[1m--host[22m[2m to expose[22m

> nira-web@0.1.0 dev
> vite --port 3000


  [32m[1mVITE[22m v5.4.21[39m  [2mready in [0m[1m286[22m[2m[0m ms[22m

  [32m➜[39m  [1mLocal[22m:   [36mhttp://localhost:[1m3000[22m/[39m
[2m  [32m➜[39m  [1mNetwork[22m[2m: use [22m[1m--host[22m[2m to expose[22m

> nira-web@0.1.0 dev
> vite --port 3000


  [32m[1mVITE[22m v5.4.21[39m  [2mready in [0m[1m279[22m[2m[0m ms[22m

  [32m➜[39m  [1mLocal[22m:   [36mhttp://localhost:[1m3000[22m/[39m
[2m  [32m➜[39m  [1mNetwork[22m[2m: use [22m[1m--host[22m[2m to expose[22m

> nira-web@0.1.0 dev
> vite --port 3000


  [32m[1mVITE[22m v5.4.21[39m  [2mready in [0m[1m297[22m[2m[0m ms[22m

  [32m➜[39m  [1mLocal[22m:   [36mhttp://localhost:[1m3000[22m/[39m
[2m  [32m➜[39m  [1mNetwork[22m[2m: use [22m[1m--host[22m[2m to expose[22m

> nira-web@0.1.0 dev
> vite --port 3000


  [32m[1mVITE[22m v5.4.21[39m  [2mready in [0m[1m290[22m[2m[0m ms[22m

  [32m➜[39m  [1mLocal[22m:   [36mhttp://localhost:[1m3000[22m/[39m
[2m  [32m➜[39m  [1mNetwork[22m[2m: use [22m[1m--host[22m[2m to expose[22m

> nira-web@0.1.0 dev
> vite --port 3000


  [32m[1mVITE[22m v5.4.21[39m  [2mready in [0m[1m287[22m[2m[0m ms[22m

  [32m➜[39m  [1mLocal[22m:   [36mhttp://localhost:[1m3000[22m/[39m
[2m  [32m➜[39m  [1mNetwork[22m[2m: use [22m[1m--host[22m[2m to expose[22m

> nira-web@0.1.0 dev
> vite --port 3000


  [32m[1mVITE[22m v5.4.21[39m  [2mready in [0m[1m303[22m[2m[0m ms[22m

  [32m➜[39m  [1mLocal[22m:   [36mhttp://localhost:[1m3000[22m/[39m
[2m  [32m➜[39m  [1mNetwork[22m[2m: use [22m[1m--host[22m[2m to expose[22m

> nira-web@0.1.0 dev
> vite --port 3000


  [32m[1mVITE[22m v5.4.21[39m  [2mready in [0m[1m288[22m[2m[0m ms[22m

  [32m➜[39m  [1mLocal[22m:   [36mhttp://localhost:[1m3000[22m/[39m
[2m  [32m➜[39m  [1mNetwork[22m[2m: use [22m[1m--host[22m[2m to expose[22m

> nira-web@0.1.0 dev
> vite --port 3000


  [32m[1mVITE[22m v5.4.21[39m  [2mready in [0m[1m331[22m[2m[0m ms[22m

  [32m➜[39m  [1mLocal[22m:   [36mhttp://localhost:[1m3000[22m/[39m
[2m  [32m➜[39m  [1mNetwork[22m[2m: use [22m[1m--host[22m[2m to expose[22m

> nira-web@0.1.0 dev
> vite --port 3000


  [32m[1mVITE[22m v5.4.21[39m  [2mready in [0m[1m433[22m[2m[0m ms[22m

  [32m➜[39m  [1mLocal[22m:   [36mhttp://localhost:[1m3000[22m/[39m
[2m  [32m➜[39m  [1mNetwork[22m[2m: use [22m[1m--host[22m[2m to expose[22m

> nira-web@0.1.0 dev
> vite --port 3000


  [32m[1mVITE[22m v5.4.21[39m  [2mready in [0m[1m338[22m[2m[0m ms[22m

  [32m➜[39m  [1mLocal[22m:   [36mhttp://localhost:[1m3000[22m/[39m
[2m  [32m➜[39m  [1mNetwork[22m[2m: use [22m[1m--host[22m[2m to expose[22m

> nira-web@0.1.0 dev
> vite --port 3000


  [32m[1mVITE[22m v5.4.21[39m  [2mready in [0m[1m372[22m[2m[0m ms[22m

  [32m➜[39m  [1mLocal[22m:   [36mhttp://localhost:[1m3000[22m/[39m
[2m  [32m➜[39m  [1mNetwork[22m[2m: use [22m[1m--host[22m[2m to expose[22m

> nira-web@0.1.0 dev
> vite --port 3000


  [32m[1mVITE[22m v5.4.21[39m  [2mready in [0m[1m300[22m[2m[0m ms[22m

  [32m➜[39m  [1mLocal[22m:   [36mhttp://localhost:[1m3000[22m/[39m
[2m  [32m➜[39m  [1mNetwork[22m[2m: use [22m[1m--host[22m[2m to expose[22m

> nira-web@0.1.0 dev
> vite --port 3000


  [32m[1mVITE[22m v5.4.21[39m  [2mready in [0m[1m363[22m[2m[0m ms[22m

  [32m➜[39m  [1mLocal[22m:   [36mhttp://localhost:[1m3000[22m/[39m
[2m  [32m➜[39m  [1mNetwork[22m[2m: use [22m[1m--host[22m[2m to expose[22m

> nira-web@0.1.0 dev
> vite --port 3000


  [32m[1mVITE[22m v5.4.21[39m  [2mready in [0m[1m299[22m[2m[0m ms[22m

  [32m➜[39m  [1mLocal[22m:   [36mhttp://localhost:[1m3000[22m/[39m
[2m  [32m➜[39m  [1mNetwork[22m[2m: use [22m[1m--host[22m[2m to expose[22m

> nira-web@0.1.0 dev
> vite --port 3000


  [32m[1mVITE[22m v5.4.21[39m  [2mready in [0m[1m323[22m[2m[0m ms[22m

  [32m➜[39m  [1mLocal[22m:   [36mhttp://localhost:[1m3000[22m/[39m
[2m  [32m➜[39m  [1mNetwork[22m[2m: use [22m[1m--host[22m[2m to expose[22m

> nira-web@0.1.0 dev
> vite --port 3000


  [32m[1mVITE[22m v5.4.21[39m  [2mready in [0m[1m301[22m[2m[0m ms[22m

  [32m➜[39m  [1mLocal[22m:   [36mhttp://localhost:[1m3000[22m/[39m
[2m  [32m➜[39m  [1mNetwork[22m[2m: use [22m[1m--host[22m[2m to expose[22m

> nira-web@0.1.0 dev
> vite --port 3000


  [32m[1mVITE[22m v5.4.21[39m  [2mready in [0m[1m325[22m[2m[0m ms[22m

  [32m➜[39m  [1mLocal[22m:   [36mhttp://localhost:[1m3000[22m/[39m
[2m  [32m➜[39m  [1mNetwork[22m[2m: use [22m[1m--host[22m[2m to expose[22m

> nira-web@0.1.0 dev
> vite --port 3000


  [32m[1mVITE[22m v5.4.21[39m  [2mready in [0m[1m299[22m[2m[0m ms[22m

  [32m➜[39m  [1mLocal[22m:   [36mhttp://localhost:[1m3000[22m/[39m
[2m  [32m➜[39m  [1mNetwork[22m[2m: use [22m[1m--host[22m[2m to expose[22m
