
> nira-web@0.1.0 dev
> vite --port 3000


  [32m[1mVITE[22m v5.4.21[39m  [2mready in [0m[1m309[22m[2m[0m ms[22m

  [32m➜[39m  [1mLocal[22m:   [36mhttp://localhost:[1m3000[22m/[39m
[2m  [32m➜[39m  [1mNetwork[22m[2m: use [22m[1m--host[22m[2m to expose[22m

> nira-web@0.1.0 dev
> vite --port 3000


  [32m[1mVITE[22m v5.4.21[39m  [2mready in [0m[1m318[22m[2m[0m ms[22m

  [32m➜[39m  [1mLocal[22m:   [36mhttp://localhost:[1m3000[22m/[39m
[2m  [32m➜[39m  [1mNetwork[22m[2m: use [22m[1m--host[22m[2m to expose[22m

> nira-web@0.1.0 dev
> vite --port 3000


  [32m[1mVITE[22m v5.4.21[39m  [2mready in [0m[1m306[22m[2m[0m ms[22m

  [32m➜[39m  [1mLocal[22m:   [36mhttp://localhost:[1m3000[22m/[39m
[2m  [32m➜[39m  [1mNetwork[22m[2m: use [22m[1m--host[22m[2m to expose[22m

> nira-web@0.1.0 dev
> vite --port 3000


  [32m[1mVITE[22m v5.4.21[39m  [2mready in [0m[1m291[22m[2m[0m ms[22m

  [32m➜[39m  [1mLocal[22m:   [36mhttp://localhost:[1m3000[22m/[39m
[2m  [32m➜[39m  [1mNetwork[22m[2m: use [22m[1m--host[22m[2m to expose[22m

> nira-web@0.1.0 dev
> vite --port 3000


  [32m[1mVITE[22m v5.4.21[39m  [2mready in [0m[1m296[22m[2m[0m ms[22m

  [32m➜[39m  [1mLocal[22m:   [36mhttp://localhost:[1m3000[22m/[39m
[2m  [32m➜[39m  [1mNetwork[22m[2m: use [22m[1m--host[22m[2m to expose[22m

> nira-web@0.1.0 dev
> vite --port 3000


  [32m[1mVITE[22m v5.4.21[39m  [2mready in [0m[1m295[22m[2m[0m ms[22m

  [32m➜[39m  [1mLocal[22m:   [36mhttp://localhost:[1m3000[22m/[39m
[2m  [32m➜[39m  [1mNetwork[22m[2m: use [22m[1m--host[22m[2m to expose[22m

> nira-web@0.1.0 dev
> vite --port 3000


  [32m[1mVITE[22m v5.4.21[39m  [2mready in [0m[1m291[22m[2m[0m ms[22m

  [32m➜[39m  [1mLocal[22m:   [36mhttp://localhost:[1m3000[22m/[39m
[2m  [32m➜[39m  [1mNetwork[22m[2m: use [22m[1m--host[22m[2m to expose[22m

> nira-web@0.1.0 dev
> vite --port 3000


  [32m[1mVITE[22m v5.4.21[39m  [2mready in [0m[1m296[22m[2m[0m ms[22m

  [32m➜[39m  [1mLocal[22m:   [36mhttp://localhost:[1m3000[22m/[39m
[2m  [32m➜[39m  [1mNetwork[22m[2m: use [22m[1m--host[22m[2m to expose[22m

> nira-web@0.1.0 dev
> vite --port 3000


  [32m[1mVITE[22m v5.4.21[39m  [2mready in [0m[1m309[22m[2m[0m ms[22m

  [32m➜[39m  [1mLocal[22m:   [36mhttp://localhost:[1m3000[22m/[39m
[2m  [32m➜[39m  [1mNetwork[22m[2m: use [22m[1m--host[22m[2m to expose[22m

> nira-web@0.1.0 dev
> vite --port 3000


  [32m[1mVITE[22m v5.4.21[39m  [2mready in [0m[1m315[22m[2m[0m ms[22m

  [32m➜[39m  [1mLocal[22m:   [36mhttp://localhost:[1m3000[22m/[39m
[2m  [32m➜[39m  [1mNetwork[22m[2m: use [22m[1m--host[22m[2m to expose[22m

> nira-web@0.1.0 dev
> vite --port 3000


  [32m[1mVITE[22m v5.4.21[39m  [2mready in [0m[1m296[22m[2m[0m ms[22m

  [32m➜[39m  [1mLocal[22m:   [36mhttp://localhost:[1m3000[22m/[39m
[2m  [32m➜[39m  [1mNetwork[22m[2m: use [22m[1m--host[22m[2m to expose[22m

> nira-web@0.1.0 dev
> vite --port 3000


  [32m[1mVITE[22m v5.4.21[39m  [2mready in [0m[1m306[22m[2m[0m ms[22m

  [32m➜[39m  [1mLocal[22m:   [36mhttp://localhost:[1m3000[22m/[39m
[2m  [32m➜[39m  [1mNetwork[22m[2m: use [22m[1m--host[22m[2m to expose[22m

> nira-web@0.1.0 dev
> vite --port 3000


  [32m[1mVITE[22m v5.4.21[39m  [2mready in [0m[1m310[22m[2m[0m ms[22m

  [32m➜[39m  [1mLocal[22m:   [36mhttp://localhost:[1m3000[22m/[39m
[2m  [32m➜[39m  [1mNetwork[22m[2m: use [22m[1m--host[22m[2m to expose[22m

> nira-web@0.1.0 dev
> vite --port 3000


  [32m[1mVITE[22m v5.4.21[39m  [2mready in [0m[1m379[22m[2m[0m ms[22m

  [32m➜[39m  [1mLocal[22m:   [36mhttp://localhost:[1m3000[22m/[39m
[2m  [32m➜[39m  [1mNetwork[22m[2m: use [22m[1m--host[22m[2m to expose[22m

> nira-web@0.1.0 dev
> vite --port 3000


  [32m[1mVITE[22m v5.4.21[39m  [2mready in [0m[1m304[22m[2m[0m ms[22m

  [32m➜[39m  [1mLocal[22m:   [36mhttp://localhost:[1m3000[22m/[39m
[2m  [32m➜[39m  [1mNetwork[22m[2m: use [22m[1m--host[22m[2m to expose[22m

> nira-web@0.1.0 dev
> vite --port 3000


  [32m[1mVITE[22m v5.4.21[39m  [2mready in [0m[1m302[22m[2m[0m ms[22m

  [32m➜[39m  [1mLocal[22m:   [36mhttp://localhost:[1m3000[22m/[39m
[2m  [32m➜[39m  [1mNetwork[22m[2m: use [22m[1m--host[22m[2m to expose[22m

> nira-web@0.1.0 dev
> vite --port 3000


  [32m[1mVITE[22m v5.4.21[39m  [2mready in [0m[1m345[22m[2m[0m ms[22m

  [32m➜[39m  [1mLocal[22m:   [36mhttp://localhost:[1m3000[22m/[39m
[2m  [32m➜[39m  [1mNetwork[22m[2m: use [22m[1m--host[22m[2m to expose[22m

> nira-web@0.1.0 dev
> vite --port 3000


  [32m[1mVITE[22m v5.4.21[39m  [2mready in [0m[1m293[22m[2m[0m ms[22m

  [32m➜[39m  [1mLocal[22m:   [36mhttp://localhost:[1m3000[22m/[39m
[2m  [32m➜[39m  [1mNetwork[22m[2m: use [22m[1m--host[22m[2m to expose[22m

> nira-web@0.1.0 dev
> vite --port 3000


  [32m[1mVITE[22m v5.4.21[39m  [2mready in [0m[1m302[22m[2m[0m ms[22m

  [32m➜[39m  [1mLocal[22m:   [36mhttp://localhost:[1m3000[22m/[39m
[2m  [32m➜[39m  [1mNetwork[22m[2m: use [22m[1m--host[22m[2m to expose[22m

> nira-web@0.1.0 dev
> vite --port 3000


  [32m[1mVITE[22m v5.4.21[39m  [2mready in [0m[1m297[22m[2m[0m ms[22m

  [32m➜[39m  [1mLocal[22m:   [36mhttp://localhost:[1m3000[22m/[39m
[2m  [32m➜[39m  [1mNetwork[22m[2m: use [22m[1m--host[22m[2m to expose[22m

> nira-web@0.1.0 dev
> vite --port 3000


  [32m[1mVITE[22m v5.4.21[39m  [2mready in [0m[1m297[22m[2m[0m ms[22m

  [32m➜[39m  [1mLocal[22m:   [36mhttp://localhost:[1m3000[22m/[39m
[2m  [32m➜[39m  [1mNetwork[22m[2m: use [22m[1m--host[22m[2m to expose[22m

> nira-web@0.1.0 dev
> vite --port 3000


  [32m[1mVITE[22m v5.4.21[39m  [2mready in [0m[1m288[22m[2m[0m ms[22m

  [32m➜[39m  [1mLocal[22m:   [36mhttp://localhost:[1m3000[22m/[39m
[2m  [32m➜[39m  [1mNetwork[22m[2m: use [22m[1m--host[22m[2m to expose[22m

> nira-web@0.1.0 dev
> vite --port 3000


  [32m[1mVITE[22m v5.4.21[39m  [2mready in [0m[1m297[22m[2m[0m ms[22m

  [32m➜[39m  [1mLocal[22m:   [36mhttp://localhost:[1m3000[22m/[39m
[2m  [32m➜[39m  [1mNetwork[22m[2m: use [22m[1m--host[22m[2m to expose[22m

> nira-web@0.1.0 dev
> vite --port 3000


  [32m[1mVITE[22m v5.4.21[39m  [2mready in [0m[1m331[22m[2m[0m ms[22m

  [32m➜[39m  [1mLocal[22m:   [36mhttp://localhost:[1m3000[22m/[39m
[2m  [32m➜[39m  [1mNetwork[22m[2m: use [22m[1m--host[22m[2m to expose[22m
