
> nira-web@0.1.0 dev
> vite --port 3000


  [32m[1mVITE[22m v5.4.21[39m  [2mready in [0m[1m380[22m[2m[0m ms[22m

  [32m➜[39m  [1mLocal[22m:   [36mhttp://localhost:[1m3000[22m/[39m
[2m  [32m➜[39m  [1mNetwork[22m[2m: use [22m[1m--host[22m[2m to expose[22m

> nira-web@0.1.0 dev
> vite --port 3000


  [32m[1mVITE[22m v5.4.21[39m  [2mready in [0m[1m293[22m[2m[0m ms[22m

  [32m➜[39m  [1mLocal[22m:   [36mhttp://localhost:[1m3000[22m/[39m
[2m  [32m➜[39m  [1mNetwork[22m[2m: use [22m[1m--host[22m[2m to expose[22m

> nira-web@0.1.0 dev
> vite --port 3000


  [32m[1mVITE[22m v5.4.21[39m  [2mready in [0m[1m305[22m[2m[0m ms[22m

  [32m➜[39m  [1mLocal[22m:   [36mhttp://localhost:[1m3000[22m/[39m
[2m  [32m➜[39m  [1mNetwork[22m[2m: use [22m[1m--host[22m[2m to expose[22m

> nira-web@0.1.0 dev
> vite --port 3000


  [32m[1mVITE[22m v5.4.21[39m  [2mready in [0m[1m303[22m[2m[0m ms[22m

  [32m➜[39m  [1mLocal[22m:   [36mhttp://localhost:[1m3000[22m/[39m
[2m  [32m➜[39m  [1mNetwork[22m[2m: use [22m[1m--host[22m[2m to expose[22m

> nira-web@0.1.0 dev
> vite --port 3000


  [32m[1mVITE[22m v5.4.21[39m  [2mready in [0m[1m298[22m[2m[0m ms[22m

  [32m➜[39m  [1mLocal[22m:   [36mhttp://localhost:[1m3000[22m/[39m
[2m  [32m➜[39m  [1mNetwork[22m[2m: use [22m[1m--host[22m[2m to expose[22m

> nira-web@0.1.0 dev
> vite --port 3000


  [32m[1mVITE[22m v5.4.21[39m  [2mready in [0m[1m378[22m[2m[0m ms[22m

  [32m➜[39m  [1mLocal[22m:   [36mhttp://localhost:[1m3000[22m/[39m
[2m  [32m➜[39m  [1mNetwork[22m[2m: use [22m[1m--host[22m[2m to expose[22m

> nira-web@0.1.0 dev
> vite --port 3000


  [32m[1mVITE[22m v5.4.21[39m  [2mready in [0m[1m354[22m[2m[0m ms[22m

  [32m➜[39m  [1mLocal[22m:   [36mhttp://localhost:[1m3000[22m/[39m
[2m  [32m➜[39m  [1mNetwork[22m[2m: use [22m[1m--host[22m[2m to expose[22m

> nira-web@0.1.0 dev
> vite --port 3000


  [32m[1mVITE[22m v5.4.21[39m  [2mready in [0m[1m335[22m[2m[0m ms[22m

  [32m➜[39m  [1mLocal[22m:   [36mhttp://localhost:[1m3000[22m/[39m
[2m  [32m➜[39m  [1mNetwork[22m[2m: use [22m[1m--host[22m[2m to expose[22m

> nira-web@0.1.0 dev
> vite --port 3000


  [32m[1mVITE[22m v5.4.21[39m  [2mready in [0m[1m328[22m[2m[0m ms[22m

  [32m➜[39m  [1mLocal[22m:   [36mhttp://localhost:[1m3000[22m/[39m
[2m  [32m➜[39m  [1mNetwork[22m[2m: use [22m[1m--host[22m[2m to expose[22m

> nira-web@0.1.0 dev
> vite --port 3000


  [32m[1mVITE[22m v5.4.21[39m  [2mready in [0m[1m364[22m[2m[0m ms[22m

  [32m➜[39m  [1mLocal[22m:   [36mhttp://localhost:[1m3000[22m/[39m
[2m  [32m➜[39m  [1mNetwork[22m[2m: use [22m[1m--host[22m[2m to expose[22m

> nira-web@0.1.0 dev
> vite --port 3000


  [32m[1mVITE[22m v5.4.21[39m  [2mready in [0m[1m318[22m[2m[0m ms[22m

  [32m➜[39m  [1mLocal[22m:   [36mhttp://localhost:[1m3000[22m/[39m
[2m  [32m➜[39m  [1mNetwork[22m[2m: use [22m[1m--host[22m[2m to expose[22m

> nira-web@0.1.0 dev
> vite --port 3000


  [32m[1mVITE[22m v5.4.21[39m  [2mready in [0m[1m309[22m[2m[0m ms[22m

  [32m➜[39m  [1mLocal[22m:   [36mhttp://localhost:[1m3000[22m/[39m
[2m  [32m➜[39m  [1mNetwork[22m[2m: use [22m[1m--host[22m[2m to expose[22m
[2m14:35:35[22m [36m[1m[vite][22m[39m [32mhmr update [39m[2m/src/App.tsx[22m
[2m14:35:41[22m [36m[1m[vite][22m[39m [32mhmr update [39m[2m/src/App.tsx[22m

> nira-web@0.1.0 dev
> vite --port 3000


  [32m[1mVITE[22m v5.4.21[39m  [2mready in [0m[1m307[22m[2m[0m ms[22m

  [32m➜[39m  [1mLocal[22m:   [36mhttp://localhost:[1m3000[22m/[39m
[2m  [32m➜[39m  [1mNetwork[22m[2m: use [22m[1m--host[22m[2m to expose[22m

> nira-web@0.1.0 dev
> vite --port 3000


  [32m[1mVITE[22m v5.4.21[39m  [2mready in [0m[1m300[22m[2m[0m ms[22m

  [32m➜[39m  [1mLocal[22m:   [36mhttp://localhost:[1m3000[22m/[39m
[2m  [32m➜[39m  [1mNetwork[22m[2m: use [22m[1m--host[22m[2m to expose[22m

> nira-web@0.1.0 dev
> vite --port 3000


  [32m[1mVITE[22m v5.4.21[39m  [2mready in [0m[1m317[22m[2m[0m ms[22m

  [32m➜[39m  [1mLocal[22m:   [36mhttp://localhost:[1m3000[22m/[39m
[2m  [32m➜[39m  [1mNetwork[22m[2m: use [22m[1m--host[22m[2m to expose[22m

> nira-web@0.1.0 dev
> vite --port 3000


  [32m[1mVITE[22m v5.4.21[39m  [2mready in [0m[1m303[22m[2m[0m ms[22m

  [32m➜[39m  [1mLocal[22m:   [36mhttp://localhost:[1m3000[22m/[39m
[2m  [32m➜[39m  [1mNetwork[22m[2m: use [22m[1m--host[22m[2m to expose[22m

> nira-web@0.1.0 dev
> vite --port 3000


  [32m[1mVITE[22m v5.4.21[39m  [2mready in [0m[1m301[22m[2m[0m ms[22m

  [32m➜[39m  [1mLocal[22m:   [36mhttp://localhost:[1m3000[22m/[39m
[2m  [32m➜[39m  [1mNetwork[22m[2m: use [22m[1m--host[22m[2m to expose[22m

> nira-web@0.1.0 dev
> vite --port 3000


  [32m[1mVITE[22m v5.4.21[39m  [2mready in [0m[1m292[22m[2m[0m ms[22m

  [32m➜[39m  [1mLocal[22m:   [36mhttp://localhost:[1m3000[22m/[39m
[2m  [32m➜[39m  [1mNetwork[22m[2m: use [22m[1m--host[22m[2m to expose[22m

> nira-web@0.1.0 dev
> vite --port 3000


  [32m[1mVITE[22m v5.4.21[39m  [2mready in [0m[1m292[22m[2m[0m ms[22m

  [32m➜[39m  [1mLocal[22m:   [36mhttp://localhost:[1m3000[22m/[39m
[2m  [32m➜[39m  [1mNetwork[22m[2m: use [22m[1m--host[22m[2m to expose[22m

> nira-web@0.1.0 dev
> vite --port 3000


  [32m[1mVITE[22m v5.4.21[39m  [2mready in [0m[1m297[22m[2m[0m ms[22m

  [32m➜[39m  [1mLocal[22m:   [36mhttp://localhost:[1m3000[22m/[39m
[2m  [32m➜[39m  [1mNetwork[22m[2m: use [22m[1m--host[22m[2m to expose[22m
